00:00 +0: loading C:/Trae Apps/SkinCareApp/app/test/features/auth/login_screen_test.dart
00:00 +0: shows disabled social buttons and hint text
ΓòÉΓòÉΓòí EXCEPTION CAUGHT BY WIDGETS LIBRARY Γò₧ΓòÉΓòÉΓòÉΓòÉΓòÉΓòÉΓòÉΓòÉΓòÉΓòÉΓòÉΓòÉΓòÉΓòÉΓòÉΓòÉΓòÉΓòÉΓòÉΓòÉΓòÉΓòÉΓòÉΓòÉΓòÉΓòÉΓòÉΓòÉΓòÉΓòÉΓòÉΓòÉΓòÉΓòÉΓòÉΓòÉΓòÉΓòÉΓòÉΓòÉΓòÉΓòÉΓòÉΓòÉΓòÉΓòÉΓòÉΓòÉΓòÉΓòÉΓòÉΓòÉΓòÉΓòÉΓòÉΓòÉΓòÉΓòÉΓòÉ
The following NotInitializedError was thrown building LoginScreen(dirty, state:
_LoginScreenState#8af47):
Instance of 'NotInitializedError'

The relevant error-causing widget was:
  LoginScreen
  LoginScreen:file:///C:/Trae%20Apps/SkinCareApp/app/test/features/auth/login_screen_test.dart:9:40

When the exception was thrown, this was the stack:
#0      DotEnv.env (package:flutter_dotenv/src/dotenv.dart:41:7)
#1      DotEnv.maybeGet (package:flutter_dotenv/src/dotenv.dart:112:56)
#2      Env.termsUrl (package:skincare_app/services/env.dart:13:41)
#3      _LoginScreenState.build (package:skincare_app/features/auth/login_screen.dart:75:23)
#4      StatefulElement.build (package:flutter/src/widgets/framework.dart:5729:27)
#5      ComponentElement.performRebuild (package:flutter/src/widgets/framework.dart:5617:15)
#6      StatefulElement.performRebuild (package:flutter/src/widgets/framework.dart:5780:11)
#7      Element.rebuild (package:flutter/src/widgets/framework.dart:5333:7)
#8      ComponentElement._firstBuild (package:flutter/src/widgets/framework.dart:5599:5)
#9      StatefulElement._firstBuild (package:flutter/src/widgets/framework.dart:5771:11)
#10     ComponentElement.mount (package:flutter/src/widgets/framework.dart:5593:5)
...     Normal element mounting (228 frames)
#238    Element.inflateWidget (package:flutter/src/widgets/framework.dart:4468:16)
#239    MultiChildRenderObjectElement.inflateWidget (package:flutter/src/widgets/framework.dart:7035:36)
#240    MultiChildRenderObjectElement.mount (package:flutter/src/widgets/framework.dart:7047:32)
...     Normal element mounting (457 frames)
#697    Element.inflateWidget (package:flutter/src/widgets/framework.dart:4468:16)
#698    Element.updateChild (package:flutter/src/widgets/framework.dart:3957:20)
#699    ComponentElement.performRebuild (package:flutter/src/widgets/framework.dart:5642:16)
#700    Element.rebuild (package:flutter/src/widgets/framework.dart:5333:7)
#701    ProxyElement.update (package:flutter/src/widgets/framework.dart:5946:5)
#702    _InheritedNotifierElement.update (package:flutter/src/widgets/inherited_notifier.dart:105:11)
#703    Element.updateChild (package:flutter/src/widgets/framework.dart:3941:15)
#704    ComponentElement.performRebuild (package:flutter/src/widgets/framework.dart:5642:16)
#705    StatefulElement.performRebuild (package:flutter/src/widgets/framework.dart:5780:11)
#706    Element.rebuild (package:flutter/src/widgets/framework.dart:5333:7)
#707    StatefulElement.update (package:flutter/src/widgets/framework.dart:5803:5)
#708    Element.updateChild (package:flutter/src/widgets/framework.dart:3941:15)
#709    ComponentElement.performRebuild (package:flutter/src/widgets/framework.dart:5642:16)
#710    Element.rebuild (package:flutter/src/widgets/framework.dart:5333:7)
#711    ProxyElement.update (package:flutter/src/widgets/framework.dart:5946:5)
#712    _InheritedNotifierElement.update (package:flutter/src/widgets/inherited_notifier.dart:105:11)
#713    Element.updateChild (package:flutter/src/widgets/framework.dart:3941:15)
#714    ComponentElement.performRebuild (package:flutter/src/widgets/framework.dart:5642:16)
#715    StatefulElement.performRebuild (package:flutter/src/widgets/framework.dart:5780:11)
#716    Element.rebuild (package:flutter/src/widgets/framework.dart:5333:7)
#717    StatefulElement.update (package:flutter/src/widgets/framework.dart:5803:5)
#718    Element.updateChild (package:flutter/src/widgets/framework.dart:3941:15)
#719    ComponentElement.performRebuild (package:flutter/src/widgets/framework.dart:5642:16)
#720    StatefulElement.performRebuild (package:flutter/src/widgets/framework.dart:5780:11)
#721    Element.rebuild (package:flutter/src/widgets/framework.dart:5333:7)
#722    StatefulElement.update (package:flutter/src/widgets/framework.dart:5803:5)
#723    Element.updateChild (package:flutter/src/widgets/framework.dart:3941:15)
#724    ComponentElement.performRebuild (package:flutter/src/widgets/framework.dart:5642:16)
#725    Element.rebuild (package:flutter/src/widgets/framework.dart:5333:7)
#726    ProxyElement.update (package:flutter/src/widgets/framework.dart:5946:5)
#727    Element.updateChild (package:flutter/src/widgets/framework.dart:3941:15)
#728    ComponentElement.performRebuild (package:flutter/src/widgets/framework.dart:5642:16)
#729    StatefulElement.performRebuild (package:flutter/src/widgets/framework.dart:5780:11)
#730    Element.rebuild (package:flutter/src/widgets/framework.dart:5333:7)
#731    StatefulElement.update (package:flutter/src/widgets/framework.dart:5803:5)
#732    Element.updateChild (package:flutter/src/widgets/framework.dart:3941:15)
#733    ComponentElement.performRebuild (package:flutter/src/widgets/framework.dart:5642:16)
#734    Element.rebuild (package:flutter/src/widgets/framework.dart:5333:7)
#735    ProxyElement.update (package:flutter/src/widgets/framework.dart:5946:5)
#736    Element.updateChild (package:flutter/src/widgets/framework.dart:3941:15)
#737    ComponentElement.performRebuild (package:flutter/src/widgets/framework.dart:5642:16)
#738    Element.rebuild (package:flutter/src/widgets/framework.dart:5333:7)
#739    ProxyElement.update (package:flutter/src/widgets/framework.dart:5946:5)
#740    Element.updateChild (package:flutter/src/widgets/framework.dart:3941:15)
#741    _RawViewElement._updateChild (package:flutter/src/widgets/view.dart:441:16)
#742    _RawViewElement.update (package:flutter/src/widgets/view.dart:528:5)
#743    Element.updateChild (package:flutter/src/widgets/framework.dart:3941:15)
#744    ComponentElement.performRebuild (package:flutter/src/widgets/framework.dart:5642:16)
#745    Element.rebuild (package:flutter/src/widgets/framework.dart:5333:7)
#746    StatelessElement.update (package:flutter/src/widgets/framework.dart:5693:5)
#747    Element.updateChild (package:flutter/src/widgets/framework.dart:3941:15)
#748    ComponentElement.performRebuild (package:flutter/src/widgets/framework.dart:5642:16)
#749    StatefulElement.performRebuild (package:flutter/src/widgets/framework.dart:5780:11)
#750    Element.rebuild (package:flutter/src/widgets/framework.dart:5333:7)
#751    StatefulElement.update (package:flutter/src/widgets/framework.dart:5803:5)
#752    Element.updateChild (package:flutter/src/widgets/framework.dart:3941:15)
#753    RootElement._rebuild (package:flutter/src/widgets/binding.dart:1605:16)
#754    RootElement.update (package:flutter/src/widgets/binding.dart:1583:5)
#755    RootElement.performRebuild (package:flutter/src/widgets/binding.dart:1597:7)
#756    Element.rebuild (package:flutter/src/widgets/framework.dart:5333:7)
#757    BuildScope._tryRebuild (package:flutter/src/widgets/framework.dart:2693:15)
#758    BuildScope._flushDirtyElements (package:flutter/src/widgets/framework.dart:2752:11)
#759    BuildOwner.buildScope (package:flutter/src/widgets/framework.dart:3048:18)
#760    AutomatedTestWidgetsFlutterBinding.drawFrame (package:flutter_test/src/binding.dart:1433:19)
#761    RendererBinding._handlePersistentFrameCallback (package:flutter/src/rendering/binding.dart:468:5)
#762    SchedulerBinding._invokeFrameCallback (package:flutter/src/scheduler/binding.dart:1397:15)
#763    SchedulerBinding.handleDrawFrame (package:flutter/src/scheduler/binding.dart:1318:9)
#764    AutomatedTestWidgetsFlutterBinding.pump.<anonymous closure> (package:flutter_test/src/binding.dart:1288:9)
#767    TestAsyncUtils.guard (package:flutter_test/src/test_async_utils.dart:74:41)
#768    AutomatedTestWidgetsFlutterBinding.pump (package:flutter_test/src/binding.dart:1275:27)
#769    WidgetTester.pumpWidget.<anonymous closure> (package:flutter_test/src/widget_tester.dart:608:22)
#772    TestAsyncUtils.guard (package:flutter_test/src/test_async_utils.dart:74:41)
#773    WidgetTester.pumpWidget (package:flutter_test/src/widget_tester.dart:605:27)
#774    main.<anonymous closure> (file:///C:/Trae%20Apps/SkinCareApp/app/test/features/auth/login_screen_test.dart:9:18)
#775    testWidgets.<anonymous closure>.<anonymous closure> (package:flutter_test/src/widget_tester.dart:189:29)
<asynchronous suspension>
#776    TestWidgetsFlutterBinding._runTestBody (package:flutter_test/src/binding.dart:1032:5)
<asynchronous suspension>
<asynchronous suspension>
(elided 5 frames from dart:async and package:stack_trace)

ΓòÉΓòÉΓòÉΓòÉΓòÉΓòÉΓòÉΓòÉΓòÉΓòÉΓòÉΓòÉΓòÉΓòÉΓòÉΓòÉΓòÉΓòÉΓòÉΓòÉΓòÉΓòÉΓòÉΓòÉΓòÉΓòÉΓòÉΓòÉΓòÉΓòÉΓòÉΓòÉΓòÉΓòÉΓòÉΓòÉΓòÉΓòÉΓòÉΓòÉΓòÉΓòÉΓòÉΓòÉΓòÉΓòÉΓòÉΓòÉΓòÉΓòÉΓòÉΓòÉΓòÉΓòÉΓòÉΓòÉΓòÉΓòÉΓòÉΓòÉΓòÉΓòÉΓòÉΓòÉΓòÉΓòÉΓòÉΓòÉΓòÉΓòÉΓòÉΓòÉΓòÉΓòÉΓòÉΓòÉΓòÉΓòÉΓòÉΓòÉΓòÉΓòÉΓòÉΓòÉΓòÉΓòÉΓòÉΓòÉΓòÉΓòÉΓòÉΓòÉΓòÉΓòÉΓòÉΓòÉΓòÉΓòÉΓòÉΓòÉ
ΓòÉΓòÉΓòí EXCEPTION CAUGHT BY FLUTTER TEST FRAMEWORK Γò₧ΓòÉΓòÉΓòÉΓòÉΓòÉΓòÉΓòÉΓòÉΓòÉΓòÉΓòÉΓòÉΓòÉΓòÉΓòÉΓòÉΓòÉΓòÉΓòÉΓòÉΓòÉΓòÉΓòÉΓòÉΓòÉΓòÉΓòÉΓòÉΓòÉΓòÉΓòÉΓòÉΓòÉΓòÉΓòÉΓòÉΓòÉΓòÉΓòÉΓòÉΓòÉΓòÉΓòÉΓòÉΓòÉΓòÉΓòÉΓòÉΓòÉΓòÉΓòÉΓòÉ
The following TestFailure was thrown running a test:
Expected: exactly one matching candidate
  Actual: _AncestorWidgetFinder:<Found 0 widgets with type "OutlinedButton" that are ancestors of
widgets with text "Continue with Google": []>
   Which: means none were found but one was expected

When the exception was thrown, this was the stack:
#4      main.<anonymous closure> (file:///C:/Trae%20Apps/SkinCareApp/app/test/features/auth/login_screen_test.dart:14:5)
<asynchronous suspension>
#5      testWidgets.<anonymous closure>.<anonymous closure> (package:flutter_test/src/widget_tester.dart:189:15)
<asynchronous suspension>
#6      TestWidgetsFlutterBinding._runTestBody (package:flutter_test/src/binding.dart:1032:5)
<asynchronous suspension>
<asynchronous suspension>
(elided one frame from package:stack_trace)

This was caught by the test expectation on the following line:
  file:///C:/Trae%20Apps/SkinCareApp/app/test/features/auth/login_screen_test.dart line 14
The test description was:
  shows disabled social buttons and hint text
ΓòÉΓòÉΓòÉΓòÉΓòÉΓòÉΓòÉΓòÉΓòÉΓòÉΓòÉΓòÉΓòÉΓòÉΓòÉΓòÉΓòÉΓòÉΓòÉΓòÉΓòÉΓòÉΓòÉΓòÉΓòÉΓòÉΓòÉΓòÉΓòÉΓòÉΓòÉΓòÉΓòÉΓòÉΓòÉΓòÉΓòÉΓòÉΓòÉΓòÉΓòÉΓòÉΓòÉΓòÉΓòÉΓòÉΓòÉΓòÉΓòÉΓòÉΓòÉΓòÉΓòÉΓòÉΓòÉΓòÉΓòÉΓòÉΓòÉΓòÉΓòÉΓòÉΓòÉΓòÉΓòÉΓòÉΓòÉΓòÉΓòÉΓòÉΓòÉΓòÉΓòÉΓòÉΓòÉΓòÉΓòÉΓòÉΓòÉΓòÉΓòÉΓòÉΓòÉΓòÉΓòÉΓòÉΓòÉΓòÉΓòÉΓòÉΓòÉΓòÉΓòÉΓòÉΓòÉΓòÉΓòÉΓòÉΓòÉΓòÉ
ΓòÉΓòÉΓòí EXCEPTION CAUGHT BY FLUTTER TEST FRAMEWORK Γò₧ΓòÉΓòÉΓòÉΓòÉΓòÉΓòÉΓòÉΓòÉΓòÉΓòÉΓòÉΓòÉΓòÉΓòÉΓòÉΓòÉΓòÉΓòÉΓòÉΓòÉΓòÉΓòÉΓòÉΓòÉΓòÉΓòÉΓòÉΓòÉΓòÉΓòÉΓòÉΓòÉΓòÉΓòÉΓòÉΓòÉΓòÉΓòÉΓòÉΓòÉΓòÉΓòÉΓòÉΓòÉΓòÉΓòÉΓòÉΓòÉΓòÉΓòÉΓòÉΓòÉ
The following message was thrown:
Multiple exceptions (2) were detected during the running of the current test, and at least one was
unexpected.
ΓòÉΓòÉΓòÉΓòÉΓòÉΓòÉΓòÉΓòÉΓòÉΓòÉΓòÉΓòÉΓòÉΓòÉΓòÉΓòÉΓòÉΓòÉΓòÉΓòÉΓòÉΓòÉΓòÉΓòÉΓòÉΓòÉΓòÉΓòÉΓòÉΓòÉΓòÉΓòÉΓòÉΓòÉΓòÉΓòÉΓòÉΓòÉΓòÉΓòÉΓòÉΓòÉΓòÉΓòÉΓòÉΓòÉΓòÉΓòÉΓòÉΓòÉΓòÉΓòÉΓòÉΓòÉΓòÉΓòÉΓòÉΓòÉΓòÉΓòÉΓòÉΓòÉΓòÉΓòÉΓòÉΓòÉΓòÉΓòÉΓòÉΓòÉΓòÉΓòÉΓòÉΓòÉΓòÉΓòÉΓòÉΓòÉΓòÉΓòÉΓòÉΓòÉΓòÉΓòÉΓòÉΓòÉΓòÉΓòÉΓòÉΓòÉΓòÉΓòÉΓòÉΓòÉΓòÉΓòÉΓòÉΓòÉΓòÉΓòÉ
00:00 +0 -1: shows disabled social buttons and hint text [E]
  Test failed. See exception logs above.
  The test description was: shows disabled social buttons and hint text
  
00:00 +0 -1: validates email and password, disables terms/privacy when missing
ΓòÉΓòÉΓòí EXCEPTION CAUGHT BY WIDGETS LIBRARY Γò₧ΓòÉΓòÉΓòÉΓòÉΓòÉΓòÉΓòÉΓòÉΓòÉΓòÉΓòÉΓòÉΓòÉΓòÉΓòÉΓòÉΓòÉΓòÉΓòÉΓòÉΓòÉΓòÉΓòÉΓòÉΓòÉΓòÉΓòÉΓòÉΓòÉΓòÉΓòÉΓòÉΓòÉΓòÉΓòÉΓòÉΓòÉΓòÉΓòÉΓòÉΓòÉΓòÉΓòÉΓòÉΓòÉΓòÉΓòÉΓòÉΓòÉΓòÉΓòÉΓòÉΓòÉΓòÉΓòÉΓòÉΓòÉΓòÉΓòÉ
The following NotInitializedError was thrown building LoginScreen(dirty, state:
_LoginScreenState#9ac83):
Instance of 'NotInitializedError'

The relevant error-causing widget was:
  LoginScreen
  LoginScreen:file:///C:/Trae%20Apps/SkinCareApp/app/test/features/auth/login_screen_test.dart:26:40

When the exception was thrown, this was the stack:
#0      DotEnv.env (package:flutter_dotenv/src/dotenv.dart:41:7)
#1      DotEnv.maybeGet (package:flutter_dotenv/src/dotenv.dart:112:56)
#2      Env.termsUrl (package:skincare_app/services/env.dart:13:41)
#3      _LoginScreenState.build (package:skincare_app/features/auth/login_screen.dart:75:23)
#4      StatefulElement.build (package:flutter/src/widgets/framework.dart:5729:27)
#5      ComponentElement.performRebuild (package:flutter/src/widgets/framework.dart:5617:15)
#6      StatefulElement.performRebuild (package:flutter/src/widgets/framework.dart:5780:11)
#7      Element.rebuild (package:flutter/src/widgets/framework.dart:5333:7)
#8      ComponentElement._firstBuild (package:flutter/src/widgets/framework.dart:5599:5)
#9      StatefulElement._firstBuild (package:flutter/src/widgets/framework.dart:5771:11)
#10     ComponentElement.mount (package:flutter/src/widgets/framework.dart:5593:5)
...     Normal element mounting (228 frames)
#238    Element.inflateWidget (package:flutter/src/widgets/framework.dart:4468:16)
#239    MultiChildRenderObjectElement.inflateWidget (package:flutter/src/widgets/framework.dart:7035:36)
#240    MultiChildRenderObjectElement.mount (package:flutter/src/widgets/framework.dart:7047:32)
...     Normal element mounting (457 frames)
#697    Element.inflateWidget (package:flutter/src/widgets/framework.dart:4468:16)
#698    Element.updateChild (package:flutter/src/widgets/framework.dart:3957:20)
#699    ComponentElement.performRebuild (package:flutter/src/widgets/framework.dart:5642:16)
#700    Element.rebuild (package:flutter/src/widgets/framework.dart:5333:7)
#701    ProxyElement.update (package:flutter/src/widgets/framework.dart:5946:5)
#702    _InheritedNotifierElement.update (package:flutter/src/widgets/inherited_notifier.dart:105:11)
#703    Element.updateChild (package:flutter/src/widgets/framework.dart:3941:15)
#704    ComponentElement.performRebuild (package:flutter/src/widgets/framework.dart:5642:16)
#705    StatefulElement.performRebuild (package:flutter/src/widgets/framework.dart:5780:11)
#706    Element.rebuild (package:flutter/src/widgets/framework.dart:5333:7)
#707    StatefulElement.update (package:flutter/src/widgets/framework.dart:5803:5)
#708    Element.updateChild (package:flutter/src/widgets/framework.dart:3941:15)
#709    ComponentElement.performRebuild (package:flutter/src/widgets/framework.dart:5642:16)
#710    Element.rebuild (package:flutter/src/widgets/framework.dart:5333:7)
#711    ProxyElement.update (package:flutter/src/widgets/framework.dart:5946:5)
#712    _InheritedNotifierElement.update (package:flutter/src/widgets/inherited_notifier.dart:105:11)
#713    Element.updateChild (package:flutter/src/widgets/framework.dart:3941:15)
#714    ComponentElement.performRebuild (package:flutter/src/widgets/framework.dart:5642:16)
#715    StatefulElement.performRebuild (package:flutter/src/widgets/framework.dart:5780:11)
#716    Element.rebuild (package:flutter/src/widgets/framework.dart:5333:7)
#717    StatefulElement.update (package:flutter/src/widgets/framework.dart:5803:5)
#718    Element.updateChild (package:flutter/src/widgets/framework.dart:3941:15)
#719    ComponentElement.performRebuild (package:flutter/src/widgets/framework.dart:5642:16)
#720    StatefulElement.performRebuild (package:flutter/src/widgets/framework.dart:5780:11)
#721    Element.rebuild (package:flutter/src/widgets/framework.dart:5333:7)
#722    StatefulElement.update (package:flutter/src/widgets/framework.dart:5803:5)
#723    Element.updateChild (package:flutter/src/widgets/framework.dart:3941:15)
#724    ComponentElement.performRebuild (package:flutter/src/widgets/framework.dart:5642:16)
#725    Element.rebuild (package:flutter/src/widgets/framework.dart:5333:7)
#726    ProxyElement.update (package:flutter/src/widgets/framework.dart:5946:5)
#727    Element.updateChild (package:flutter/src/widgets/framework.dart:3941:15)
#728    ComponentElement.performRebuild (package:flutter/src/widgets/framework.dart:5642:16)
#729    StatefulElement.performRebuild (package:flutter/src/widgets/framework.dart:5780:11)
#730    Element.rebuild (package:flutter/src/widgets/framework.dart:5333:7)
#731    StatefulElement.update (package:flutter/src/widgets/framework.dart:5803:5)
#732    Element.updateChild (package:flutter/src/widgets/framework.dart:3941:15)
#733    ComponentElement.performRebuild (package:flutter/src/widgets/framework.dart:5642:16)
#734    Element.rebuild (package:flutter/src/widgets/framework.dart:5333:7)
#735    ProxyElement.update (package:flutter/src/widgets/framework.dart:5946:5)
#736    Element.updateChild (package:flutter/src/widgets/framework.dart:3941:15)
#737    ComponentElement.performRebuild (package:flutter/src/widgets/framework.dart:5642:16)
#738    Element.rebuild (package:flutter/src/widgets/framework.dart:5333:7)
#739    ProxyElement.update (package:flutter/src/widgets/framework.dart:5946:5)
#740    Element.updateChild (package:flutter/src/widgets/framework.dart:3941:15)
#741    _RawViewElement._updateChild (package:flutter/src/widgets/view.dart:441:16)
#742    _RawViewElement.update (package:flutter/src/widgets/view.dart:528:5)
#743    Element.updateChild (package:flutter/src/widgets/framework.dart:3941:15)
#744    ComponentElement.performRebuild (package:flutter/src/widgets/framework.dart:5642:16)
#745    Element.rebuild (package:flutter/src/widgets/framework.dart:5333:7)
#746    StatelessElement.update (package:flutter/src/widgets/framework.dart:5693:5)
#747    Element.updateChild (package:flutter/src/widgets/framework.dart:3941:15)
#748    ComponentElement.performRebuild (package:flutter/src/widgets/framework.dart:5642:16)
#749    StatefulElement.performRebuild (package:flutter/src/widgets/framework.dart:5780:11)
#750    Element.rebuild (package:flutter/src/widgets/framework.dart:5333:7)
#751    StatefulElement.update (package:flutter/src/widgets/framework.dart:5803:5)
#752    Element.updateChild (package:flutter/src/widgets/framework.dart:3941:15)
#753    RootElement._rebuild (package:flutter/src/widgets/binding.dart:1605:16)
#754    RootElement.update (package:flutter/src/widgets/binding.dart:1583:5)
#755    RootElement.performRebuild (package:flutter/src/widgets/binding.dart:1597:7)
#756    Element.rebuild (package:flutter/src/widgets/framework.dart:5333:7)
#757    BuildScope._tryRebuild (package:flutter/src/widgets/framework.dart:2693:15)
#758    BuildScope._flushDirtyElements (package:flutter/src/widgets/framework.dart:2752:11)
#759    BuildOwner.buildScope (package:flutter/src/widgets/framework.dart:3048:18)
#760    AutomatedTestWidgetsFlutterBinding.drawFrame (package:flutter_test/src/binding.dart:1433:19)
#761    RendererBinding._handlePersistentFrameCallback (package:flutter/src/rendering/binding.dart:468:5)
#762    SchedulerBinding._invokeFrameCallback (package:flutter/src/scheduler/binding.dart:1397:15)
#763    SchedulerBinding.handleDrawFrame (package:flutter/src/scheduler/binding.dart:1318:9)
#764    AutomatedTestWidgetsFlutterBinding.pump.<anonymous closure> (package:flutter_test/src/binding.dart:1288:9)
#767    TestAsyncUtils.guard (package:flutter_test/src/test_async_utils.dart:74:41)
#768    AutomatedTestWidgetsFlutterBinding.pump (package:flutter_test/src/binding.dart:1275:27)
#769    WidgetTester.pumpWidget.<anonymous closure> (package:flutter_test/src/widget_tester.dart:608:22)
#772    TestAsyncUtils.guard (package:flutter_test/src/test_async_utils.dart:74:41)
#773    WidgetTester.pumpWidget (package:flutter_test/src/widget_tester.dart:605:27)
#774    main.<anonymous closure> (file:///C:/Trae%20Apps/SkinCareApp/app/test/features/auth/login_screen_test.dart:26:18)
#775    testWidgets.<anonymous closure>.<anonymous closure> (package:flutter_test/src/widget_tester.dart:189:29)
<asynchronous suspension>
#776    TestWidgetsFlutterBinding._runTestBody (package:flutter_test/src/binding.dart:1032:5)
<asynchronous suspension>
<asynchronous suspension>
(elided 5 frames from dart:async and package:stack_trace)

ΓòÉΓòÉΓòÉΓòÉΓòÉΓòÉΓòÉΓòÉΓòÉΓòÉΓòÉΓòÉΓòÉΓòÉΓòÉΓòÉΓòÉΓòÉΓòÉΓòÉΓòÉΓòÉΓòÉΓòÉΓòÉΓòÉΓòÉΓòÉΓòÉΓòÉΓòÉΓòÉΓòÉΓòÉΓòÉΓòÉΓòÉΓòÉΓòÉΓòÉΓòÉΓòÉΓòÉΓòÉΓòÉΓòÉΓòÉΓòÉΓòÉΓòÉΓòÉΓòÉΓòÉΓòÉΓòÉΓòÉΓòÉΓòÉΓòÉΓòÉΓòÉΓòÉΓòÉΓòÉΓòÉΓòÉΓòÉΓòÉΓòÉΓòÉΓòÉΓòÉΓòÉΓòÉΓòÉΓòÉΓòÉΓòÉΓòÉΓòÉΓòÉΓòÉΓòÉΓòÉΓòÉΓòÉΓòÉΓòÉΓòÉΓòÉΓòÉΓòÉΓòÉΓòÉΓòÉΓòÉΓòÉΓòÉΓòÉΓòÉ
ΓòÉΓòÉΓòí EXCEPTION CAUGHT BY FLUTTER TEST FRAMEWORK Γò₧ΓòÉΓòÉΓòÉΓòÉΓòÉΓòÉΓòÉΓòÉΓòÉΓòÉΓòÉΓòÉΓòÉΓòÉΓòÉΓòÉΓòÉΓòÉΓòÉΓòÉΓòÉΓòÉΓòÉΓòÉΓòÉΓòÉΓòÉΓòÉΓòÉΓòÉΓòÉΓòÉΓòÉΓòÉΓòÉΓòÉΓòÉΓòÉΓòÉΓòÉΓòÉΓòÉΓòÉΓòÉΓòÉΓòÉΓòÉΓòÉΓòÉΓòÉΓòÉΓòÉ
The following assertion was thrown running a test:
The finder "Found 0 widgets with key [<'submitButton'>]: []" (used in a call to "tap()") could not
find any matching widgets.

When the exception was thrown, this was the stack:
#0      WidgetController._getElementPoint (package:flutter_test/src/controller.dart:1892:7)
#1      WidgetController.getCenter (package:flutter_test/src/controller.dart:1792:12)
#2      WidgetController.tap (package:flutter_test/src/controller.dart:1040:18)
#3      main.<anonymous closure> (file:///C:/Trae%20Apps/SkinCareApp/app/test/features/auth/login_screen_test.dart:33:18)
<asynchronous suspension>
#4      testWidgets.<anonymous closure>.<anonymous closure> (package:flutter_test/src/widget_tester.dart:189:15)
<asynchronous suspension>
#5      TestWidgetsFlutterBinding._runTestBody (package:flutter_test/src/binding.dart:1032:5)
<asynchronous suspension>
<asynchronous suspension>
(elided one frame from package:stack_trace)

The test description was:
  validates email and password, disables terms/privacy when missing
ΓòÉΓòÉΓòÉΓòÉΓòÉΓòÉΓòÉΓòÉΓòÉΓòÉΓòÉΓòÉΓòÉΓòÉΓòÉΓòÉΓòÉΓòÉΓòÉΓòÉΓòÉΓòÉΓòÉΓòÉΓòÉΓòÉΓòÉΓòÉΓòÉΓòÉΓòÉΓòÉΓòÉΓòÉΓòÉΓòÉΓòÉΓòÉΓòÉΓòÉΓòÉΓòÉΓòÉΓòÉΓòÉΓòÉΓòÉΓòÉΓòÉΓòÉΓòÉΓòÉΓòÉΓòÉΓòÉΓòÉΓòÉΓòÉΓòÉΓòÉΓòÉΓòÉΓòÉΓòÉΓòÉΓòÉΓòÉΓòÉΓòÉΓòÉΓòÉΓòÉΓòÉΓòÉΓòÉΓòÉΓòÉΓòÉΓòÉΓòÉΓòÉΓòÉΓòÉΓòÉΓòÉΓòÉΓòÉΓòÉΓòÉΓòÉΓòÉΓòÉΓòÉΓòÉΓòÉΓòÉΓòÉΓòÉΓòÉΓòÉ
ΓòÉΓòÉΓòí EXCEPTION CAUGHT BY FLUTTER TEST FRAMEWORK Γò₧ΓòÉΓòÉΓòÉΓòÉΓòÉΓòÉΓòÉΓòÉΓòÉΓòÉΓòÉΓòÉΓòÉΓòÉΓòÉΓòÉΓòÉΓòÉΓòÉΓòÉΓòÉΓòÉΓòÉΓòÉΓòÉΓòÉΓòÉΓòÉΓòÉΓòÉΓòÉΓòÉΓòÉΓòÉΓòÉΓòÉΓòÉΓòÉΓòÉΓòÉΓòÉΓòÉΓòÉΓòÉΓòÉΓòÉΓòÉΓòÉΓòÉΓòÉΓòÉΓòÉ
The following message was thrown:
Multiple exceptions (2) were detected during the running of the current test, and at least one was
unexpected.
ΓòÉΓòÉΓòÉΓòÉΓòÉΓòÉΓòÉΓòÉΓòÉΓòÉΓòÉΓòÉΓòÉΓòÉΓòÉΓòÉΓòÉΓòÉΓòÉΓòÉΓòÉΓòÉΓòÉΓòÉΓòÉΓòÉΓòÉΓòÉΓòÉΓòÉΓòÉΓòÉΓòÉΓòÉΓòÉΓòÉΓòÉΓòÉΓòÉΓòÉΓòÉΓòÉΓòÉΓòÉΓòÉΓòÉΓòÉΓòÉΓòÉΓòÉΓòÉΓòÉΓòÉΓòÉΓòÉΓòÉΓòÉΓòÉΓòÉΓòÉΓòÉΓòÉΓòÉΓòÉΓòÉΓòÉΓòÉΓòÉΓòÉΓòÉΓòÉΓòÉΓòÉΓòÉΓòÉΓòÉΓòÉΓòÉΓòÉΓòÉΓòÉΓòÉΓòÉΓòÉΓòÉΓòÉΓòÉΓòÉΓòÉΓòÉΓòÉΓòÉΓòÉΓòÉΓòÉΓòÉΓòÉΓòÉΓòÉΓòÉ
00:00 +0 -2: validates email and password, disables terms/privacy when missing [E]
  Test failed. See exception logs above.
  The test description was: validates email and password, disables terms/privacy when missing
  
00:00 +0 -2: Some tests failed.
